{'message': 'I am alive!'}
there should be no line above that starts with stderr:
PATH_INFO:       /test/handlers/echo
METHOD:          GET
SCRIPT_NAME:     echo
SERVER_PORT:     8080
SERVER_NAME:     localhost
--pantalones [conqueso,diablo] --smurfs hat
